// Jest Snapshot v1, https://goo.gl/fbAQLP

exports[`Index should render Index page 1`] = `
Object {
  "$_vueTestUtils_original": [Circular],
  "_Ctor": Object {},
  "components": Object {
    "Board": Object {
      "data": [MockFunction],
      "methods": Object {
        "addSticky": [MockFunction],
        "deleteSticky": [MockFunction],
        "detectClick": [MockFunction],
        "editSticky": [MockFunction],
        "handleDragEnd": [MockFunction],
      },
      "mounted": [MockFunction],
      "render": [MockFunction],
      "staticRenderFns": Array [],
    },
    "Guide": Object {
      "render": [MockFunction],
      "staticRenderFns": Array [],
    },
  },
  "render": [MockFunction] {
    "calls": Array [
      Array [
        [Function],
      ],
    ],
    "results": Array [
      Object {
        "type": "return",
        "value": undefined,
      },
    ],
  },
  "staticRenderFns": Array [],
}
`;
